  • default                                          foo=bar
    • increase                                       foo=bar
  • decrease                                         foo=bar
      • before without padding                       foo=bar
  • without padding                                  foo=bar
      • after without padding                        foo=bar
